// Jest Snapshot v1, https://goo.gl/fbAQLP

exports[`renders Missions 1`] = `
<div
  className="missions"
/>
`;
