// Jest Snapshot v1, https://goo.gl/fbAQLP

exports[`renders Rockets 1`] = `
<main
  className="rocketsMain"
/>
`;
